Error: 404 models/gemini-1.5-flash is not found for API version v1beta, or is not supported for generateContent. Call ListModels to see the list of available models and their supported methods.
Traceback (most recent call last):
  File "D:\book-project-1\book\backend\app\api\endpoints\chat.py", line 115, in chat_endpoint
    raise llm_error
  File "D:\book-project-1\book\backend\app\api\endpoints\chat.py", line 110, in chat_endpoint
    response_text = generate_answer(context, message.content)
  File "D:\book-project-1\book\backend\app\api\endpoints\chat.py", line 80, in generate_answer
    return chain.invoke({"context": context, "question": question})
           ~~~~~~~~~~~~^^^^^^^^^^^^^^^^^^^^^^^^^^^^^^^^^^^^^^^^^^^^
  File "C:\Users\emp10\AppData\Local\Programs\Python\Python314\Lib\site-packages\langchain_core\runnables\base.py", line 3143, in invoke
    input_ = context.run(step.invoke, input_, config)
  File "C:\Users\emp10\AppData\Local\Programs\Python\Python314\Lib\site-packages\langchain_google_genai\chat_models.py", line 2138, in invoke
    return super().invoke(input, config, stop=stop, **kwargs)
           ~~~~~~~~~~~~~~^^^^^^^^^^^^^^^^^^^^^^^^^^^^^^^^^^^^
  File "C:\Users\emp10\AppData\Local\Programs\Python\Python314\Lib\site-packages\langchain_core\language_models\chat_models.py", line 398, in invoke
    self.generate_prompt(
    ~~~~~~~~~~~~~~~~~~~~^
        [self._convert_input(input)],
        ^^^^^^^^^^^^^^^^^^^^^^^^^^^^^
    ...<6 lines>...
        **kwargs,
        ^^^^^^^^^
    ).generations[0][0],
    ^
  File "C:\Users\emp10\AppData\Local\Programs\Python\Python314\Lib\site-packages\langchain_core\language_models\chat_models.py", line 1117, in generate_prompt
    return self.generate(prompt_messages, stop=stop, callbacks=callbacks, **kwargs)
           ~~~~~~~~~~~~~^^^^^^^^^^^^^^^^^^^^^^^^^^^^^^^^^^^^^^^^^^^^^^^^^^^^^^^^^^^
  File "C:\Users\emp10\AppData\Local\Programs\Python\Python314\Lib\site-packages\langchain_core\language_models\chat_models.py", line 927, in generate
    self._generate_with_cache(
    ~~~~~~~~~~~~~~~~~~~~~~~~~^
        m,
        ^^
    ...<2 lines>...
        **kwargs,
        ^^^^^^^^^
    )
    ^
  File "C:\Users\emp10\AppData\Local\Programs\Python\Python314\Lib\site-packages\langchain_core\language_models\chat_models.py", line 1221, in _generate_with_cache
    result = self._generate(
        messages, stop=stop, run_manager=run_manager, **kwargs
    )
  File "C:\Users\emp10\AppData\Local\Programs\Python\Python314\Lib\site-packages\langchain_google_genai\chat_models.py", line 2295, in _generate
    response: GenerateContentResponse = _chat_with_retry(
                                        ~~~~~~~~~~~~~~~~^
        request=request,
        ^^^^^^^^^^^^^^^^
    ...<2 lines>...
        metadata=self.default_metadata,
        ^^^^^^^^^^^^^^^^^^^^^^^^^^^^^^^
    )
    ^
  File "C:\Users\emp10\AppData\Local\Programs\Python\Python314\Lib\site-packages\langchain_google_genai\chat_models.py", line 269, in _chat_with_retry
    return _chat_with_retry(**params)
  File "C:\Users\emp10\AppData\Local\Programs\Python\Python314\Lib\site-packages\tenacity\__init__.py", line 338, in wrapped_f
    return copy(f, *args, **kw)
  File "C:\Users\emp10\AppData\Local\Programs\Python\Python314\Lib\site-packages\tenacity\__init__.py", line 477, in __call__
    do = self.iter(retry_state=retry_state)
  File "C:\Users\emp10\AppData\Local\Programs\Python\Python314\Lib\site-packages\tenacity\__init__.py", line 378, in iter
    result = action(retry_state)
  File "C:\Users\emp10\AppData\Local\Programs\Python\Python314\Lib\site-packages\tenacity\__init__.py", line 420, in exc_check
    raise retry_exc.reraise()
          ~~~~~~~~~~~~~~~~~^^
  File "C:\Users\emp10\AppData\Local\Programs\Python\Python314\Lib\site-packages\tenacity\__init__.py", line 187, in reraise
    raise self.last_attempt.result()
          ~~~~~~~~~~~~~~~~~~~~~~~~^^
  File "C:\Users\emp10\AppData\Local\Programs\Python\Python314\Lib\concurrent\futures\_base.py", line 443, in result
    return self.__get_result()
           ~~~~~~~~~~~~~~~~~^^
  File "C:\Users\emp10\AppData\Local\Programs\Python\Python314\Lib\concurrent\futures\_base.py", line 395, in __get_result
    raise self._exception
  File "C:\Users\emp10\AppData\Local\Programs\Python\Python314\Lib\site-packages\tenacity\__init__.py", line 480, in __call__
    result = fn(*args, **kwargs)
  File "C:\Users\emp10\AppData\Local\Programs\Python\Python314\Lib\site-packages\langchain_google_genai\chat_models.py", line 243, in _chat_with_retry
    return generation_method(**kwargs)
  File "C:\Users\emp10\AppData\Local\Programs\Python\Python314\Lib\site-packages\google\ai\generativelanguage_v1beta\services\generative_service\client.py", line 869, in generate_content
    response = rpc(
        request,
    ...<2 lines>...
        metadata=metadata,
    )
  File "C:\Users\emp10\AppData\Local\Programs\Python\Python314\Lib\site-packages\google\api_core\gapic_v1\method.py", line 131, in __call__
    return wrapped_func(*args, **kwargs)
  File "C:\Users\emp10\AppData\Local\Programs\Python\Python314\Lib\site-packages\google\api_core\retry\retry_unary.py", line 294, in retry_wrapped_func
    return retry_target(
        target,
    ...<3 lines>...
        on_error=on_error,
    )
  File "C:\Users\emp10\AppData\Local\Programs\Python\Python314\Lib\site-packages\google\api_core\retry\retry_unary.py", line 156, in retry_target
    next_sleep = _retry_error_helper(
        exc,
    ...<6 lines>...
        timeout,
    )
  File "C:\Users\emp10\AppData\Local\Programs\Python\Python314\Lib\site-packages\google\api_core\retry\retry_base.py", line 214, in _retry_error_helper
    raise final_exc from source_exc
  File "C:\Users\emp10\AppData\Local\Programs\Python\Python314\Lib\site-packages\google\api_core\retry\retry_unary.py", line 147, in retry_target
    result = target()
  File "C:\Users\emp10\AppData\Local\Programs\Python\Python314\Lib\site-packages\google\api_core\timeout.py", line 130, in func_with_timeout
    return func(*args, **kwargs)
  File "C:\Users\emp10\AppData\Local\Programs\Python\Python314\Lib\site-packages\google\api_core\grpc_helpers.py", line 77, in error_remapped_callable
    raise exceptions.from_grpc_error(exc) from exc
google.api_core.exceptions.NotFound: 404 models/gemini-1.5-flash is not found for API version v1beta, or is not supported for generateContent. Call ListModels to see the list of available models and their supported methods.
